Analysis & Synthesis report for LPRS1_Homework3
Mon Jan 23 03:19:12 2023
Quartus Prime Version 18.1.0 Build 625 09/12/2018 SJ Lite Edition


---------------------
; Table of Contents ;
---------------------
  1. Legal Notice
  2. Analysis & Synthesis Summary
  3. Analysis & Synthesis Settings
  4. Parallel Compilation
  5. Analysis & Synthesis Messages



----------------
; Legal Notice ;
----------------
Copyright (C) 2018  Intel Corporation. All rights reserved.
Your use of Intel Corporation's design tools, logic functions 
and other software and tools, and its AMPP partner logic 
functions, and any output files from any of the foregoing 
(including device programming or simulation files), and any 
associated documentation or information are expressly subject 
to the terms and conditions of the Intel Program License 
Subscription Agreement, the Intel Quartus Prime License Agreement,
the Intel FPGA IP License Agreement, or other applicable license
agreement, including, without limitation, that your use is for
the sole purpose of programming logic devices manufactured by
Intel and sold by Intel or its authorized distributors.  Please
refer to the applicable agreement for further details.



+----------------------------------------------------------------------------------+
; Analysis & Synthesis Summary                                                     ;
+------------------------------------+---------------------------------------------+
; Analysis & Synthesis Status        ; Failed - Mon Jan 23 03:19:12 2023           ;
; Quartus Prime Version              ; 18.1.0 Build 625 09/12/2018 SJ Lite Edition ;
; Revision Name                      ; LPRS1_Homework3                             ;
; Top-level Entity Name              ; lprs1_homework3                             ;
; Family                             ; MAX 10                                      ;
; Total logic elements               ; N/A until Partition Merge                   ;
;     Total combinational functions  ; N/A until Partition Merge                   ;
;     Dedicated logic registers      ; N/A until Partition Merge                   ;
; Total registers                    ; N/A until Partition Merge                   ;
; Total pins                         ; N/A until Partition Merge                   ;
; Total virtual pins                 ; N/A until Partition Merge                   ;
; Total memory bits                  ; N/A until Partition Merge                   ;
; Embedded Multiplier 9-bit elements ; N/A until Partition Merge                   ;
; Total PLLs                         ; N/A until Partition Merge                   ;
; UFM blocks                         ; N/A until Partition Merge                   ;
; ADC blocks                         ; N/A until Partition Merge                   ;
+------------------------------------+---------------------------------------------+


+------------------------------------------------------------------------------------------------------------+
; Analysis & Synthesis Settings                                                                              ;
+------------------------------------------------------------------+--------------------+--------------------+
; Option                                                           ; Setting            ; Default Value      ;
+------------------------------------------------------------------+--------------------+--------------------+
; Device                                                           ; 10M16SAU169C8G     ;                    ;
; Top-level entity name                                            ; lprs1_homework3    ; LPRS1_Homework3    ;
; Family name                                                      ; MAX 10             ; Cyclone V          ;
; Maximum processors allowed for parallel compilation              ; 4                  ;                    ;
; VHDL Show LMF Mapping Messages                                   ; Off                ;                    ;
; Use smart compilation                                            ; Off                ; Off                ;
; Enable parallel Assembler and Timing Analyzer during compilation ; On                 ; On                 ;
; Enable compact report table                                      ; Off                ; Off                ;
; Restructure Multiplexers                                         ; Auto               ; Auto               ;
; Create Debugging Nodes for IP Cores                              ; Off                ; Off                ;
; Preserve fewer node names                                        ; On                 ; On                 ;
; Intel FPGA IP Evaluation Mode                                    ; Enable             ; Enable             ;
; Verilog Version                                                  ; Verilog_2001       ; Verilog_2001       ;
; VHDL Version                                                     ; VHDL_1993          ; VHDL_1993          ;
; State Machine Processing                                         ; Auto               ; Auto               ;
; Safe State Machine                                               ; Off                ; Off                ;
; Extract Verilog State Machines                                   ; On                 ; On                 ;
; Extract VHDL State Machines                                      ; On                 ; On                 ;
; Ignore Verilog initial constructs                                ; Off                ; Off                ;
; Iteration limit for constant Verilog loops                       ; 5000               ; 5000               ;
; Iteration limit for non-constant Verilog loops                   ; 250                ; 250                ;
; Add Pass-Through Logic to Inferred RAMs                          ; On                 ; On                 ;
; Infer RAMs from Raw Logic                                        ; On                 ; On                 ;
; Parallel Synthesis                                               ; On                 ; On                 ;
; DSP Block Balancing                                              ; Auto               ; Auto               ;
; NOT Gate Push-Back                                               ; On                 ; On                 ;
; Power-Up Don't Care                                              ; On                 ; On                 ;
; Remove Redundant Logic Cells                                     ; Off                ; Off                ;
; Remove Duplicate Registers                                       ; On                 ; On                 ;
; Ignore CARRY Buffers                                             ; Off                ; Off                ;
; Ignore CASCADE Buffers                                           ; Off                ; Off                ;
; Ignore GLOBAL Buffers                                            ; Off                ; Off                ;
; Ignore ROW GLOBAL Buffers                                        ; Off                ; Off                ;
; Ignore LCELL Buffers                                             ; Off                ; Off                ;
; Ignore SOFT Buffers                                              ; On                 ; On                 ;
; Limit AHDL Integers to 32 Bits                                   ; Off                ; Off                ;
; Optimization Technique                                           ; Balanced           ; Balanced           ;
; Carry Chain Length                                               ; 70                 ; 70                 ;
; Auto Carry Chains                                                ; On                 ; On                 ;
; Auto Open-Drain Pins                                             ; On                 ; On                 ;
; Perform WYSIWYG Primitive Resynthesis                            ; Off                ; Off                ;
; Auto ROM Replacement                                             ; On                 ; On                 ;
; Auto RAM Replacement                                             ; On                 ; On                 ;
; Auto DSP Block Replacement                                       ; On                 ; On                 ;
; Auto Shift Register Replacement                                  ; Auto               ; Auto               ;
; Allow Shift Register Merging across Hierarchies                  ; Auto               ; Auto               ;
; Auto Clock Enable Replacement                                    ; On                 ; On                 ;
; Strict RAM Replacement                                           ; Off                ; Off                ;
; Allow Synchronous Control Signals                                ; On                 ; On                 ;
; Force Use of Synchronous Clear Signals                           ; Off                ; Off                ;
; Auto RAM Block Balancing                                         ; On                 ; On                 ;
; Auto RAM to Logic Cell Conversion                                ; Off                ; Off                ;
; Auto Resource Sharing                                            ; Off                ; Off                ;
; Allow Any RAM Size For Recognition                               ; Off                ; Off                ;
; Allow Any ROM Size For Recognition                               ; Off                ; Off                ;
; Allow Any Shift Register Size For Recognition                    ; Off                ; Off                ;
; Use LogicLock Constraints during Resource Balancing              ; On                 ; On                 ;
; Ignore translate_off and synthesis_off directives                ; Off                ; Off                ;
; Timing-Driven Synthesis                                          ; On                 ; On                 ;
; Report Parameter Settings                                        ; On                 ; On                 ;
; Report Source Assignments                                        ; On                 ; On                 ;
; Report Connectivity Checks                                       ; On                 ; On                 ;
; Ignore Maximum Fan-Out Assignments                               ; Off                ; Off                ;
; Synchronization Register Chain Length                            ; 2                  ; 2                  ;
; Power Optimization During Synthesis                              ; Normal compilation ; Normal compilation ;
; HDL message level                                                ; Level2             ; Level2             ;
; Suppress Register Optimization Related Messages                  ; Off                ; Off                ;
; Number of Removed Registers Reported in Synthesis Report         ; 5000               ; 5000               ;
; Number of Swept Nodes Reported in Synthesis Report               ; 5000               ; 5000               ;
; Number of Inverted Registers Reported in Synthesis Report        ; 100                ; 100                ;
; Clock MUX Protection                                             ; On                 ; On                 ;
; Auto Gated Clock Conversion                                      ; Off                ; Off                ;
; Block Design Naming                                              ; Auto               ; Auto               ;
; SDC constraint protection                                        ; Off                ; Off                ;
; Synthesis Effort                                                 ; Auto               ; Auto               ;
; Shift Register Replacement - Allow Asynchronous Clear Signal     ; On                 ; On                 ;
; Pre-Mapping Resynthesis Optimization                             ; Off                ; Off                ;
; Analysis & Synthesis Message Level                               ; Medium             ; Medium             ;
; Disable Register Merging Across Hierarchies                      ; Auto               ; Auto               ;
; Resource Aware Inference For Block RAM                           ; On                 ; On                 ;
+------------------------------------------------------------------+--------------------+--------------------+


+------------------------------------------+
; Parallel Compilation                     ;
+----------------------------+-------------+
; Processors                 ; Number      ;
+----------------------------+-------------+
; Number detected on machine ; 8           ;
; Maximum allowed            ; 4           ;
;                            ;             ;
; Average used               ; 1.00        ;
; Maximum used               ; 1           ;
;                            ;             ;
; Usage by Processor         ; % Time Used ;
;     Processor 1            ; 100.0%      ;
+----------------------------+-------------+


+-------------------------------+
; Analysis & Synthesis Messages ;
+-------------------------------+
Info: *******************************************************************
Info: Running Quartus Prime Analysis & Synthesis
    Info: Version 18.1.0 Build 625 09/12/2018 SJ Lite Edition
    Info: Processing started: Mon Jan 23 03:18:54 2023
Info: Command: quartus_map --read_settings_files=on --write_settings_files=off LPRS1_Homework3 -c LPRS1_Homework3
Info (20032): Parallel compilation is enabled and will use up to 4 processors
Warning (12019): Can't analyze file -- file LPRS1_Homework3_RA_118_2021_Solution/lprs1_homework3.vhd is missing
Warning (12019): Can't analyze file -- file LPRS1_Homework3_RA_118_2021_Solution/lprs1_homework3_tb.vhd is missing
Info (12021): Found 2 design units, including 1 entities, in source file lprs1_homework3_ra_118_2021/lprs1_homework3_ra_118_2021_solution/vezba1.vhd
    Info (12022): Found design unit 1: lprs1_homework3-arch File: D:/DOCs, PDFs/008 II Godina/QUARTUS/LPRS1_Homework3/LPRS1_Homework3_RA_118_2021/LPRS1_Homework3_RA_118_2021_Solution/vezba1.vhd Line: 23
    Info (12023): Found entity 1: lprs1_homework3 File: D:/DOCs, PDFs/008 II Godina/QUARTUS/LPRS1_Homework3/LPRS1_Homework3_RA_118_2021/LPRS1_Homework3_RA_118_2021_Solution/vezba1.vhd Line: 7
Info (12127): Elaborating entity "lprs1_homework3" for the top level hierarchy
Warning (10541): VHDL Signal Declaration warning at vezba1.vhd(19): used implicit default value for signal "oWARN" because signal was never assigned a value or an explicit default value. Use of implicit default value may introduce unintended design optimizations. File: D:/DOCs, PDFs/008 II Godina/QUARTUS/LPRS1_Homework3/LPRS1_Homework3_RA_118_2021/LPRS1_Homework3_RA_118_2021_Solution/vezba1.vhd Line: 19
Warning (10036): Verilog HDL or VHDL warning at vezba1.vhd(24): object "sWARN_EN" assigned a value but never read File: D:/DOCs, PDFs/008 II Godina/QUARTUS/LPRS1_Homework3/LPRS1_Homework3_RA_118_2021/LPRS1_Homework3_RA_118_2021_Solution/vezba1.vhd Line: 24
Warning (10541): VHDL Signal Declaration warning at vezba1.vhd(24): used implicit default value for signal "sHEAT_EN" because signal was never assigned a value or an explicit default value. Use of implicit default value may introduce unintended design optimizations. File: D:/DOCs, PDFs/008 II Godina/QUARTUS/LPRS1_Homework3/LPRS1_Homework3_RA_118_2021/LPRS1_Homework3_RA_118_2021_Solution/vezba1.vhd Line: 24
Warning (10631): VHDL Process Statement warning at vezba1.vhd(44): inferring latch(es) for signal or variable "snext_state", which holds its previous value in one or more paths through the process File: D:/DOCs, PDFs/008 II Godina/QUARTUS/LPRS1_Homework3/LPRS1_Homework3_RA_118_2021/LPRS1_Homework3_RA_118_2021_Solution/vezba1.vhd Line: 44
Warning (10492): VHDL Process Statement warning at vezba1.vhd(97): signal "sheat_cnt_en" is read inside the Process Statement but isn't in the Process Statement's sensitivity list File: D:/DOCs, PDFs/008 II Godina/QUARTUS/LPRS1_Homework3/LPRS1_Homework3_RA_118_2021/LPRS1_Homework3_RA_118_2021_Solution/vezba1.vhd Line: 97
Warning (10492): VHDL Process Statement warning at vezba1.vhd(119): signal "sWARN_CNT_EN" is read inside the Process Statement but isn't in the Process Statement's sensitivity list File: D:/DOCs, PDFs/008 II Godina/QUARTUS/LPRS1_Homework3/LPRS1_Homework3_RA_118_2021/LPRS1_Homework3_RA_118_2021_Solution/vezba1.vhd Line: 119
Error (10818): Can't infer register for "warn_cnt[0]" at vezba1.vhd(117) because it does not hold its value outside the clock edge File: D:/DOCs, PDFs/008 II Godina/QUARTUS/LPRS1_Homework3/LPRS1_Homework3_RA_118_2021/LPRS1_Homework3_RA_118_2021_Solution/vezba1.vhd Line: 117
Error (10818): Can't infer register for "warn_cnt[1]" at vezba1.vhd(117) because it does not hold its value outside the clock edge File: D:/DOCs, PDFs/008 II Godina/QUARTUS/LPRS1_Homework3/LPRS1_Homework3_RA_118_2021/LPRS1_Homework3_RA_118_2021_Solution/vezba1.vhd Line: 117
Error (10818): Can't infer register for "warn_cnt[2]" at vezba1.vhd(117) because it does not hold its value outside the clock edge File: D:/DOCs, PDFs/008 II Godina/QUARTUS/LPRS1_Homework3/LPRS1_Homework3_RA_118_2021/LPRS1_Homework3_RA_118_2021_Solution/vezba1.vhd Line: 117
Info (10041): Inferred latch for "snext_state.WARNING" at vezba1.vhd(44) File: D:/DOCs, PDFs/008 II Godina/QUARTUS/LPRS1_Homework3/LPRS1_Homework3_RA_118_2021/LPRS1_Homework3_RA_118_2021_Solution/vezba1.vhd Line: 44
Info (10041): Inferred latch for "snext_state.HEAT" at vezba1.vhd(44) File: D:/DOCs, PDFs/008 II Godina/QUARTUS/LPRS1_Homework3/LPRS1_Homework3_RA_118_2021/LPRS1_Homework3_RA_118_2021_Solution/vezba1.vhd Line: 44
Info (10041): Inferred latch for "snext_state.IDLE" at vezba1.vhd(44) File: D:/DOCs, PDFs/008 II Godina/QUARTUS/LPRS1_Homework3/LPRS1_Homework3_RA_118_2021/LPRS1_Homework3_RA_118_2021_Solution/vezba1.vhd Line: 44
Error (10822): HDL error at vezba1.vhd(119): couldn't implement registers for assignments on this clock edge File: D:/DOCs, PDFs/008 II Godina/QUARTUS/LPRS1_Homework3/LPRS1_Homework3_RA_118_2021/LPRS1_Homework3_RA_118_2021_Solution/vezba1.vhd Line: 119
Error (10028): Can't resolve multiple constant drivers for net "sstate.IDLE" at vezba1.vhd(44) File: D:/DOCs, PDFs/008 II Godina/QUARTUS/LPRS1_Homework3/LPRS1_Homework3_RA_118_2021/LPRS1_Homework3_RA_118_2021_Solution/vezba1.vhd Line: 44
Error (10029): Constant driver at vezba1.vhd(33) File: D:/DOCs, PDFs/008 II Godina/QUARTUS/LPRS1_Homework3/LPRS1_Homework3_RA_118_2021/LPRS1_Homework3_RA_118_2021_Solution/vezba1.vhd Line: 33
Error (10028): Can't resolve multiple constant drivers for net "sstate.HEAT" at vezba1.vhd(44) File: D:/DOCs, PDFs/008 II Godina/QUARTUS/LPRS1_Homework3/LPRS1_Homework3_RA_118_2021/LPRS1_Homework3_RA_118_2021_Solution/vezba1.vhd Line: 44
Error (10028): Can't resolve multiple constant drivers for net "sstate.WARNING" at vezba1.vhd(44) File: D:/DOCs, PDFs/008 II Godina/QUARTUS/LPRS1_Homework3/LPRS1_Homework3_RA_118_2021/LPRS1_Homework3_RA_118_2021_Solution/vezba1.vhd Line: 44
Error (12153): Can't elaborate top-level user hierarchy
Error: Quartus Prime Analysis & Synthesis was unsuccessful. 9 errors, 8 warnings
    Error: Peak virtual memory: 4780 megabytes
    Error: Processing ended: Mon Jan 23 03:19:12 2023
    Error: Elapsed time: 00:00:18
    Error: Total CPU time (on all processors): 00:00:20


